// Jest Snapshot v1, https://goo.gl/fbAQLP

exports[`AsciiTable works 1`] = `
<pre>
  ╒═══╕
│"x"│
╞═══╡
│"y"│
└───┘
</pre>
`;

exports[`AsciiTable works 2`] = `
<pre>
  ╒═══╕
│"x"│
╞═══╡
│"y"│
└───┘
</pre>
`;

exports[`Chart works 1`] = `
<div>
  <div>
    <div
      style={
        Object {
          "position": "relative",
        }
      }
    >
      <div
        className={null}
        style={
          Object {
            "display": "inline-block",
            "position": "relative",
          }
        }
      >
        <svg
          aria-label="This is a radial-chart chart of..."
          height={500}
          role="img"
          width={500}
        >
          <g
            className="cx-group"
            transform="translate(300, 200)"
          >
            <g>
              <g
                className="cx-group vx-arcs-group"
                transform="translate(0, 0)"
              >
                <g>
                  <path
                    className="vx-arc"
                    d="M6.661338147750939e-15,-116.96153213770758A3,3,0,0,1,3.0769230769230838,-119.96054578226418A120,120,0,1,1,-68.02175660815573,98.85869019939938A3,3,0,0,1,-68.74826367607669,94.62386718753697L-42.87207476857917,59.00834860456068A3,3,0,0,1,-38.78289952029867,58.27423705891324A70,70,0,1,0,2.8767123287671192,-69.94086449406755A3,3,0,0,1,3.552713678800501e-15,-72.93833011524188Z"
                    fill="#15aabf"
                    fillOpacity={1}
                    onMouseLeave={[Function]}
                    onMouseMove={[Function]}
                    stroke="#fff"
                    strokeWidth={1}
                  />
                </g>
                <g>
                  <path
                    className="vx-arc"
                    d="M-68.74826367607668,94.62386718753697A3,3,0,0,1,-73.00032272738618,95.24155018529186A120,120,0,0,1,-3.0769230769231024,-119.96054578226418A3,3,0,0,1,-2.1316282072803006e-14,-116.96153213770758L-1.2878587085651816e-14,-72.93833011524188A3,3,0,0,1,-2.8767123287671357,-69.94086449406755A70,70,0,0,0,-43.437517844099716,54.89245889503875A3,3,0,0,1,-42.87207476857916,59.00834860456069Z"
                    fill="#fab005"
                    fillOpacity={1}
                    onMouseLeave={[Function]}
                    onMouseMove={[Function]}
                    stroke="#fff"
                    strokeWidth={1}
                  />
                </g>
              </g>
              <g
                className="cx-group vx-arcs-group"
                transform="translate(0, 0)"
              >
                <g>
                  <path
                    className="vx-arc"
                    d="M9.184850993605149e-15,-150A150,150,0,1,1,-88.167787843871,121.35254915624209A150,150,0,1,0,9.184850993605149e-15,-150Z"
                    fill="none"
                    fillOpacity={0}
                    stroke="none"
                    strokeWidth={0}
                  />
                  <text
                    fill="#495057"
                    fontFamily="BlinkMacSystemFont,Roboto,Helvetica Neue,sans-serif"
                    fontSize={12}
                    fontWeight={700}
                    letterSpacing={0.4}
                    paintOrder="stroke"
                    pointerEvents="none"
                    stroke="none"
                    textAnchor="middle"
                    x={142.65847744427302}
                    y={46.35254915624214}
                  >
                    60.00%
                  </text>
                </g>
                <g>
                  <path
                    className="vx-arc"
                    d="M-88.167787843871,121.35254915624209A150,150,0,0,1,-2.7554552980815446e-14,-150A150,150,0,0,0,-88.167787843871,121.35254915624209Z"
                    fill="none"
                    fillOpacity={0}
                    stroke="none"
                    strokeWidth={0}
                  />
                  <text
                    fill="#495057"
                    fontFamily="BlinkMacSystemFont,Roboto,Helvetica Neue,sans-serif"
                    fontSize={12}
                    fontWeight={700}
                    letterSpacing={0.4}
                    paintOrder="stroke"
                    pointerEvents="none"
                    stroke="none"
                    textAnchor="middle"
                    x={-142.65847744427305}
                    y={-46.35254915624209}
                  >
                    40.00%
                  </text>
                </g>
              </g>
            </g>
          </g>
        </svg>
        <style
          type="text/css"
        >
          
      .vx-arc:hover {
        opacity: 0.7;
      }
    
        </style>
      </div>
    </div>
    <div
      className="vx-legend"
      style={
        Object {
          "display": "flex",
          "flexDirection": "column",
        }
      }
    >
      <div
        className="vx-legend-item"
        style={
          Object {
            "alignItems": "center",
            "display": "flex",
            "flexDirection": "row",
            "margin": "0",
          }
        }
      >
        <div
          className="vx-legend-shape"
          style={
            Object {
              "display": "flex",
              "height": "#15aabf",
              "margin": "2px 4px 2px 0",
              "width": "#15aabf",
            }
          }
        >
          <div
            style={
              Object {
                "background": "#15aabf",
                "height": 15,
                "style": undefined,
                "width": 15,
              }
            }
          />
        </div>
        <div
          className="vx-legend-label"
          style={
            Object {
              "display": "flex",
              "flex": "1",
              "justifyContent": "left",
              "margin": "0 4px",
            }
          }
        >
          Used
        </div>
      </div>
      <div
        className="vx-legend-item"
        style={
          Object {
            "alignItems": "center",
            "display": "flex",
            "flexDirection": "row",
            "margin": "0",
          }
        }
      >
        <div
          className="vx-legend-shape"
          style={
            Object {
              "display": "flex",
              "height": "#fab005",
              "margin": "2px 4px 2px 0",
              "width": "#fab005",
            }
          }
        >
          <div
            style={
              Object {
                "background": "#fab005",
                "height": 15,
                "style": undefined,
                "width": 15,
              }
            }
          />
        </div>
        <div
          className="vx-legend-label"
          style={
            Object {
              "display": "flex",
              "flex": "1",
              "justifyContent": "left",
              "margin": "0 4px",
            }
          }
        >
          Free
        </div>
      </div>
    </div>
  </div>
  <h2>
    Static circular data
  </h2>
</div>
`;

exports[`Chart works 2`] = `
<div>
  <div>
    <div
      style={
        Object {
          "position": "relative",
        }
      }
    >
      <div
        className={null}
        style={
          Object {
            "display": "inline-block",
            "position": "relative",
          }
        }
      >
        <svg
          aria-label="This is a radial-chart chart of..."
          height={500}
          role="img"
          width={500}
        >
          <g
            className="cx-group"
            transform="translate(300, 200)"
          >
            <g>
              <g
                className="cx-group vx-arcs-group"
                transform="translate(0, 0)"
              >
                <g>
                  <path
                    className="vx-arc"
                    d="M6.661338147750939e-15,-116.96153213770758A3,3,0,0,1,3.0769230769230838,-119.96054578226418A120,120,0,1,1,-68.02175660815573,98.85869019939938A3,3,0,0,1,-68.74826367607669,94.62386718753697L-42.87207476857917,59.00834860456068A3,3,0,0,1,-38.78289952029867,58.27423705891324A70,70,0,1,0,2.8767123287671192,-69.94086449406755A3,3,0,0,1,3.552713678800501e-15,-72.93833011524188Z"
                    fill="#15aabf"
                    fillOpacity={1}
                    onMouseLeave={[Function]}
                    onMouseMove={[Function]}
                    stroke="#fff"
                    strokeWidth={1}
                  />
                </g>
                <g>
                  <path
                    className="vx-arc"
                    d="M-68.74826367607668,94.62386718753697A3,3,0,0,1,-73.00032272738618,95.24155018529186A120,120,0,0,1,-3.0769230769231024,-119.96054578226418A3,3,0,0,1,-2.1316282072803006e-14,-116.96153213770758L-1.2878587085651816e-14,-72.93833011524188A3,3,0,0,1,-2.8767123287671357,-69.94086449406755A70,70,0,0,0,-43.437517844099716,54.89245889503875A3,3,0,0,1,-42.87207476857916,59.00834860456069Z"
                    fill="#fab005"
                    fillOpacity={1}
                    onMouseLeave={[Function]}
                    onMouseMove={[Function]}
                    stroke="#fff"
                    strokeWidth={1}
                  />
                </g>
              </g>
              <g
                className="cx-group vx-arcs-group"
                transform="translate(0, 0)"
              >
                <g>
                  <path
                    className="vx-arc"
                    d="M9.184850993605149e-15,-150A150,150,0,1,1,-88.167787843871,121.35254915624209A150,150,0,1,0,9.184850993605149e-15,-150Z"
                    fill="none"
                    fillOpacity={0}
                    stroke="none"
                    strokeWidth={0}
                  />
                  <text
                    fill="#495057"
                    fontFamily="BlinkMacSystemFont,Roboto,Helvetica Neue,sans-serif"
                    fontSize={12}
                    fontWeight={700}
                    letterSpacing={0.4}
                    paintOrder="stroke"
                    pointerEvents="none"
                    stroke="none"
                    textAnchor="middle"
                    x={142.65847744427302}
                    y={46.35254915624214}
                  >
                    60.00%
                  </text>
                </g>
                <g>
                  <path
                    className="vx-arc"
                    d="M-88.167787843871,121.35254915624209A150,150,0,0,1,-2.7554552980815446e-14,-150A150,150,0,0,0,-88.167787843871,121.35254915624209Z"
                    fill="none"
                    fillOpacity={0}
                    stroke="none"
                    strokeWidth={0}
                  />
                  <text
                    fill="#495057"
                    fontFamily="BlinkMacSystemFont,Roboto,Helvetica Neue,sans-serif"
                    fontSize={12}
                    fontWeight={700}
                    letterSpacing={0.4}
                    paintOrder="stroke"
                    pointerEvents="none"
                    stroke="none"
                    textAnchor="middle"
                    x={-142.65847744427305}
                    y={-46.35254915624209}
                  >
                    40.00%
                  </text>
                </g>
              </g>
            </g>
          </g>
        </svg>
        <style
          type="text/css"
        >
          
      .vx-arc:hover {
        opacity: 0.7;
      }
    
        </style>
      </div>
    </div>
    <div
      className="vx-legend"
      style={
        Object {
          "display": "flex",
          "flexDirection": "column",
        }
      }
    >
      <div
        className="vx-legend-item"
        style={
          Object {
            "alignItems": "center",
            "display": "flex",
            "flexDirection": "row",
            "margin": "0",
          }
        }
      >
        <div
          className="vx-legend-shape"
          style={
            Object {
              "display": "flex",
              "height": "#15aabf",
              "margin": "2px 4px 2px 0",
              "width": "#15aabf",
            }
          }
        >
          <div
            style={
              Object {
                "background": "#15aabf",
                "height": 15,
                "style": undefined,
                "width": 15,
              }
            }
          />
        </div>
        <div
          className="vx-legend-label"
          style={
            Object {
              "display": "flex",
              "flex": "1",
              "justifyContent": "left",
              "margin": "0 4px",
            }
          }
        >
          Used
        </div>
      </div>
      <div
        className="vx-legend-item"
        style={
          Object {
            "alignItems": "center",
            "display": "flex",
            "flexDirection": "row",
            "margin": "0",
          }
        }
      >
        <div
          className="vx-legend-shape"
          style={
            Object {
              "display": "flex",
              "height": "#fab005",
              "margin": "2px 4px 2px 0",
              "width": "#fab005",
            }
          }
        >
          <div
            style={
              Object {
                "background": "#fab005",
                "height": 15,
                "style": undefined,
                "width": 15,
              }
            }
          />
        </div>
        <div
          className="vx-legend-label"
          style={
            Object {
              "display": "flex",
              "flex": "1",
              "justifyContent": "left",
              "margin": "0 4px",
            }
          }
        >
          Free
        </div>
      </div>
    </div>
  </div>
  <h2>
    Static circular data
  </h2>
</div>
`;

exports[`Cypher works 1`] = `"pending"`;

exports[`Cypher works 2`] = `"pending"`;

exports[`CypherEditor works 1`] = `
<div
  className="ReactCodeMirror"
/>
`;

exports[`CypherEditor works 2`] = `
<div
  className="ReactCodeMirror"
/>
`;

exports[`DesktopIntegration works 1`] = `null`;

exports[`DesktopIntegration works 2`] = `null`;

exports[`DriverProvider works 1`] = `"Hello"`;

exports[`DriverProvider works 2`] = `"Hello"`;

exports[`GraphAppBase works 1`] = `
<div>
  Hello
</div>
`;

exports[`GraphAppBase works 2`] = `
<div>
  Hello
</div>
`;

exports[`Render works 1`] = `
<p>
  Hello
</p>
`;

exports[`Render works 2`] = `
<p>
  Hello
</p>
`;
